hello from tool executor